<!doctype html public "-//w3c//dtd html 4.0 transitional//en">
<html><head>
<title>Static Call Graph - [.\Flash\Blinky.axf]</title></head>
<body><HR>
<H1>Static Call Graph for image .\Flash\Blinky.axf</H1><HR>
<BR><P>#&#060CALLGRAPH&#062# ARM Linker, 5.03 [Build 76]: Last Updated: Sun Jan 10 05:43:28 2016
<BR><P>
<H3>Maximum Stack Usage =         24 bytes + Unknown(Functions without stacksize, Cycles, Untraceable Function Pointers)</H3><H3>
Call chain for Maximum Stack Depth:</H3>
main &rArr; __2printf
<P>
<H3>
Functions with no stack information
</H3><UL>
 <LI><a href="#[0]">Reset_Handler</a>
 <LI><a href="#[1]">Undef_Handler</a>
 <LI><a href="#[2]">SWI_Handler</a>
 <LI><a href="#[3]">PAbt_Handler</a>
 <LI><a href="#[4]">DAbt_Handler</a>
 <LI><a href="#[5]">IRQ_Handler</a>
 <LI><a href="#[6]">FIQ_Handler</a>
</UL>
</UL>
<P>
<H3>
Mutually Recursive functions
</H3> <LI><a href="#[1]">Undef_Handler</a>&nbsp;&nbsp;&nbsp;&rArr;&nbsp;&nbsp;&nbsp;<a href="#[1]">Undef_Handler</a><BR>
 <LI><a href="#[2]">SWI_Handler</a>&nbsp;&nbsp;&nbsp;&rArr;&nbsp;&nbsp;&nbsp;<a href="#[2]">SWI_Handler</a><BR>
 <LI><a href="#[3]">PAbt_Handler</a>&nbsp;&nbsp;&nbsp;&rArr;&nbsp;&nbsp;&nbsp;<a href="#[3]">PAbt_Handler</a><BR>
 <LI><a href="#[4]">DAbt_Handler</a>&nbsp;&nbsp;&nbsp;&rArr;&nbsp;&nbsp;&nbsp;<a href="#[4]">DAbt_Handler</a><BR>
 <LI><a href="#[5]">IRQ_Handler</a>&nbsp;&nbsp;&nbsp;&rArr;&nbsp;&nbsp;&nbsp;<a href="#[5]">IRQ_Handler</a><BR>
 <LI><a href="#[6]">FIQ_Handler</a>&nbsp;&nbsp;&nbsp;&rArr;&nbsp;&nbsp;&nbsp;<a href="#[6]">FIQ_Handler</a><BR>
</UL>
<P>
<H3>
Function Pointers
</H3><UL>
 <LI><a href="#[4]">DAbt_Handler</a> from sam7.o(RESET) referenced from sam7.o(RESET)
 <LI><a href="#[6]">FIQ_Handler</a> from sam7.o(RESET) referenced from sam7.o(RESET)
 <LI><a href="#[5]">IRQ_Handler</a> from sam7.o(RESET) referenced from sam7.o(RESET)
 <LI><a href="#[3]">PAbt_Handler</a> from sam7.o(RESET) referenced from sam7.o(RESET)
 <LI><a href="#[0]">Reset_Handler</a> from sam7.o(RESET) referenced from sam7.o(RESET)
 <LI><a href="#[2]">SWI_Handler</a> from sam7.o(RESET) referenced from sam7.o(RESET)
 <LI><a href="#[1]">Undef_Handler</a> from sam7.o(RESET) referenced from sam7.o(RESET)
 <LI><a href="#[a]">__main</a> from entry.o(.ARM.Collect$$$$00000000) referenced from sam7.o(RESET)
 <LI><a href="#[9]">fputc</a> from blinky.o(.text) referenced from printf1.o(i.__0printf$1)
 <LI><a href="#[8]">main</a> from blinky.o(.text) referenced from entry9a.o(.ARM.Collect$$$$0000000B)
</UL>
<P>
<H3>
Global Symbols
</H3>
<P><STRONG><a name="[0]"></a>Reset_Handler</STRONG> (ARM, 0 bytes, Stack size unknown bytes, sam7.o(RESET))
<BR>[Address Reference Count : 1]<UL><LI> sam7.o(RESET)
</UL>
<P><STRONG><a name="[a]"></a>__main</STRONG> (ARM, 0 bytes, Stack size unknown bytes, entry.o(.ARM.Collect$$$$00000000))

<P><STRONG><a name="[1e]"></a>_main_stk</STRONG> (ARM, 0 bytes, Stack size unknown bytes, entry2.o(.ARM.Collect$$$$00000001))

<P><STRONG><a name="[b]"></a>_main_scatterload</STRONG> (ARM, 0 bytes, Stack size unknown bytes, entry5.o(.ARM.Collect$$$$00000004))
<BR><BR>[Calls]<UL><LI><a href="#[c]">&gt;&gt;</a>&nbsp;&nbsp;&nbsp;__scatterload (via Veneer)
</UL>

<P><STRONG><a name="[1a]"></a>__main_after_scatterload</STRONG> (ARM, 0 bytes, Stack size unknown bytes, entry5.o(.ARM.Collect$$$$00000004))
<BR><BR>[Called By]<UL><LI><a href="#[c]">&gt;&gt;</a>&nbsp;&nbsp;&nbsp;__scatterload (via Veneer)
</UL>

<P><STRONG><a name="[1f]"></a>_main_clock</STRONG> (ARM, 0 bytes, Stack size unknown bytes, entry7b.o(.ARM.Collect$$$$00000008))

<P><STRONG><a name="[20]"></a>_main_cpp_init</STRONG> (ARM, 0 bytes, Stack size unknown bytes, entry8b.o(.ARM.Collect$$$$0000000A))

<P><STRONG><a name="[21]"></a>_main_init</STRONG> (ARM, 0 bytes, Stack size unknown bytes, entry9a.o(.ARM.Collect$$$$0000000B))

<P><STRONG><a name="[22]"></a>__rt_final_cpp</STRONG> (ARM, 0 bytes, Stack size unknown bytes, entry10a.o(.ARM.Collect$$$$0000000D))

<P><STRONG><a name="[23]"></a>__rt_final_exit</STRONG> (ARM, 0 bytes, Stack size unknown bytes, entry11a.o(.ARM.Collect$$$$0000000F))

<P><STRONG><a name="[14]"></a>ConfigureUsart0</STRONG> (ARM, 92 bytes, Stack size 0 bytes, blinky.o(.text))
<BR><BR>[Called By]<UL><LI><a href="#[8]">&gt;&gt;</a>&nbsp;&nbsp;&nbsp;main
</UL>

<P><STRONG><a name="[15]"></a>ConfigureUsart1</STRONG> (ARM, 92 bytes, Stack size 0 bytes, blinky.o(.text))
<BR><BR>[Called By]<UL><LI><a href="#[8]">&gt;&gt;</a>&nbsp;&nbsp;&nbsp;main
</UL>

<P><STRONG><a name="[d]"></a>USART_Configure</STRONG> (ARM, 60 bytes, Stack size 24 bytes, blinky.o(.text), UNUSED)
<BR><BR>[Calls]<UL><LI><a href="#[e]">&gt;&gt;</a>&nbsp;&nbsp;&nbsp;__aeabi_uidivmod (via Veneer)
</UL>

<P><STRONG><a name="[10]"></a>USART_read</STRONG> (ARM, 32 bytes, Stack size 0 bytes, blinky.o(.text))
<BR><BR>[Called By]<UL><LI><a href="#[8]">&gt;&gt;</a>&nbsp;&nbsp;&nbsp;main
<LI><a href="#[13]">&gt;&gt;</a>&nbsp;&nbsp;&nbsp;fgets
<LI><a href="#[f]">&gt;&gt;</a>&nbsp;&nbsp;&nbsp;fgetc
</UL>

<P><STRONG><a name="[11]"></a>USART_write</STRONG> (ARM, 48 bytes, Stack size 0 bytes, blinky.o(.text))
<BR><BR>[Called By]<UL><LI><a href="#[9]">&gt;&gt;</a>&nbsp;&nbsp;&nbsp;fputc
</UL>

<P><STRONG><a name="[24]"></a>USART_SetTransmitterEnabled</STRONG> (ARM, 32 bytes, Stack size 0 bytes, blinky.o(.text), UNUSED)

<P><STRONG><a name="[25]"></a>USART_SetReceiverEnabled</STRONG> (ARM, 32 bytes, Stack size 0 bytes, blinky.o(.text), UNUSED)

<P><STRONG><a name="[26]"></a>USART_SetRecieverTimeout</STRONG> (ARM, 8 bytes, Stack size 0 bytes, blinky.o(.text), UNUSED)

<P><STRONG><a name="[27]"></a>USART_SetTransmitterTimeguard</STRONG> (ARM, 8 bytes, Stack size 0 bytes, blinky.o(.text), UNUSED)

<P><STRONG><a name="[28]"></a>USART_DisableInterrupts</STRONG> (ARM, 8 bytes, Stack size 0 bytes, blinky.o(.text), UNUSED)

<P><STRONG><a name="[29]"></a>USART_EnableInterrupts</STRONG> (ARM, 8 bytes, Stack size 0 bytes, blinky.o(.text), UNUSED)

<P><STRONG><a name="[17]"></a>set_printf_us</STRONG> (ARM, 12 bytes, Stack size 0 bytes, blinky.o(.text))
<BR><BR>[Called By]<UL><LI><a href="#[8]">&gt;&gt;</a>&nbsp;&nbsp;&nbsp;main
</UL>

<P><STRONG><a name="[18]"></a>set_scanf_us</STRONG> (ARM, 12 bytes, Stack size 0 bytes, blinky.o(.text))
<BR><BR>[Called By]<UL><LI><a href="#[8]">&gt;&gt;</a>&nbsp;&nbsp;&nbsp;main
</UL>

<P><STRONG><a name="[2a]"></a>USART_PDC_RxStatus</STRONG> (ARM, 44 bytes, Stack size 0 bytes, blinky.o(.text), UNUSED)

<P><STRONG><a name="[2b]"></a>USART_PDC_TxStatus</STRONG> (ARM, 44 bytes, Stack size 0 bytes, blinky.o(.text), UNUSED)

<P><STRONG><a name="[f]"></a>fgetc</STRONG> (ARM, 48 bytes, Stack size 4 bytes, blinky.o(.text), UNUSED)
<BR><BR>[Calls]<UL><LI><a href="#[10]">&gt;&gt;</a>&nbsp;&nbsp;&nbsp;USART_read
</UL>

<P><STRONG><a name="[9]"></a>fputc</STRONG> (ARM, 72 bytes, Stack size 8 bytes, blinky.o(.text))
<BR><BR>[Stack]<UL><LI>Max Depth = 8<LI>Call Chain = fputc
</UL>
<BR>[Calls]<UL><LI><a href="#[11]">&gt;&gt;</a>&nbsp;&nbsp;&nbsp;USART_write
</UL>
<BR>[Called By]<UL><LI><a href="#[12]">&gt;&gt;</a>&nbsp;&nbsp;&nbsp;fputs
</UL>
<BR>[Address Reference Count : 1]<UL><LI> printf1.o(i.__0printf$1)
</UL>
<P><STRONG><a name="[12]"></a>fputs</STRONG> (ARM, 80 bytes, Stack size 16 bytes, blinky.o(.text), UNUSED)
<BR><BR>[Calls]<UL><LI><a href="#[9]">&gt;&gt;</a>&nbsp;&nbsp;&nbsp;fputc
</UL>

<P><STRONG><a name="[13]"></a>fgets</STRONG> (ARM, 76 bytes, Stack size 8 bytes, blinky.o(.text), UNUSED)
<BR><BR>[Calls]<UL><LI><a href="#[10]">&gt;&gt;</a>&nbsp;&nbsp;&nbsp;USART_read
</UL>

<P><STRONG><a name="[2c]"></a>ferror</STRONG> (ARM, 12 bytes, Stack size 0 bytes, blinky.o(.text), UNUSED)

<P><STRONG><a name="[8]"></a>main</STRONG> (ARM, 244 bytes, Stack size 0 bytes, blinky.o(.text))
<BR><BR>[Stack]<UL><LI>Max Depth = 24<LI>Call Chain = main &rArr; __2printf
</UL>
<BR>[Calls]<UL><LI><a href="#[16]">&gt;&gt;</a>&nbsp;&nbsp;&nbsp;__2printf (via Veneer)
<LI><a href="#[18]">&gt;&gt;</a>&nbsp;&nbsp;&nbsp;set_scanf_us
<LI><a href="#[17]">&gt;&gt;</a>&nbsp;&nbsp;&nbsp;set_printf_us
<LI><a href="#[10]">&gt;&gt;</a>&nbsp;&nbsp;&nbsp;USART_read
<LI><a href="#[15]">&gt;&gt;</a>&nbsp;&nbsp;&nbsp;ConfigureUsart1
<LI><a href="#[14]">&gt;&gt;</a>&nbsp;&nbsp;&nbsp;ConfigureUsart0
</UL>
<BR>[Address Reference Count : 1]<UL><LI> entry9a.o(.ARM.Collect$$$$0000000B)
</UL>
<P><STRONG><a name="[2d]"></a>readRGBImage</STRONG> (ARM, 4 bytes, Stack size 0 bytes, blinky.o(.text), UNUSED)

<P><STRONG><a name="[2e]"></a>writeRGBImageasYCbCr</STRONG> (ARM, 4 bytes, Stack size 0 bytes, blinky.o(.text), UNUSED)

<P><STRONG><a name="[2f]"></a>__aeabi_uidiv</STRONG> (Thumb, 0 bytes, Stack size 8 bytes, uidiv.o(.text), UNUSED)

<P><STRONG><a name="[e]"></a>__aeabi_uidivmod</STRONG> (Thumb, 46 bytes, Stack size 8 bytes, uidiv.o(.text), UNUSED)
<BR><BR>[Called By]<UL><LI><a href="#[1c]">&gt;&gt;</a>&nbsp;&nbsp;&nbsp;_printf_core
<LI><a href="#[d]">&gt;&gt;</a>&nbsp;&nbsp;&nbsp;USART_Configure (via Veneer)
</UL>

<P><STRONG><a name="[c]"></a>__scatterload</STRONG> (Thumb, 24 bytes, Stack size 0 bytes, init.o(.text))
<BR><BR>[Calls]<UL><LI><a href="#[19]">&gt;&gt;</a>&nbsp;&nbsp;&nbsp;__ARM_common_call_via_r3
<LI><a href="#[1a]">&gt;&gt;</a>&nbsp;&nbsp;&nbsp;__main_after_scatterload (via Veneer)
</UL>
<BR>[Called By]<UL><LI><a href="#[b]">&gt;&gt;</a>&nbsp;&nbsp;&nbsp;_main_scatterload (via Veneer)
</UL>

<P><STRONG><a name="[30]"></a>__scatterload_rt2</STRONG> (Thumb, 0 bytes, Stack size 0 bytes, init.o(.text), UNUSED)

<P><STRONG><a name="[1b]"></a>__0printf$1</STRONG> (Thumb, 24 bytes, Stack size 24 bytes, printf1.o(i.__0printf$1), UNUSED)
<BR><BR>[Calls]<UL><LI><a href="#[1c]">&gt;&gt;</a>&nbsp;&nbsp;&nbsp;_printf_core
</UL>

<P><STRONG><a name="[31]"></a>__1printf$1</STRONG> (Thumb, 0 bytes, Stack size 24 bytes, printf1.o(i.__0printf$1), UNUSED)

<P><STRONG><a name="[16]"></a>__2printf</STRONG> (Thumb, 0 bytes, Stack size 24 bytes, printf1.o(i.__0printf$1))
<BR><BR>[Stack]<UL><LI>Max Depth = 24<LI>Call Chain = __2printf
</UL>
<BR>[Called By]<UL><LI><a href="#[8]">&gt;&gt;</a>&nbsp;&nbsp;&nbsp;main (via Veneer)
</UL>

<P><STRONG><a name="[1d]"></a>__ARM_common_call_via_r2</STRONG> (Thumb, 2 bytes, Stack size 0 bytes, printf1.o(i.__ARM_common_call_via_r2), UNUSED)
<BR><BR>[Called By]<UL><LI><a href="#[1c]">&gt;&gt;</a>&nbsp;&nbsp;&nbsp;_printf_core
</UL>

<P><STRONG><a name="[19]"></a>__ARM_common_call_via_r3</STRONG> (Thumb, 2 bytes, Stack size 0 bytes, init.o(i.__ARM_common_call_via_r3))
<BR><BR>[Called By]<UL><LI><a href="#[c]">&gt;&gt;</a>&nbsp;&nbsp;&nbsp;__scatterload
</UL>

<P><STRONG><a name="[32]"></a>__scatterload_copy</STRONG> (ARM, 28 bytes, Stack size unknown bytes, handlers.o(i.__scatterload_copy), UNUSED)

<P><STRONG><a name="[33]"></a>__scatterload_null</STRONG> (ARM, 4 bytes, Stack size unknown bytes, handlers.o(i.__scatterload_null), UNUSED)

<P><STRONG><a name="[34]"></a>__scatterload_zeroinit</STRONG> (ARM, 24 bytes, Stack size unknown bytes, handlers.o(i.__scatterload_zeroinit), UNUSED)
<P>
<H3>
Local Symbols
</H3>
<P><STRONG><a name="[1]"></a>Undef_Handler</STRONG> (ARM, 4 bytes, Stack size unknown bytes, sam7.o(RESET))
<BR><BR>[Calls]<UL><LI><a href="#[1]">&gt;&gt;</a>&nbsp;&nbsp;&nbsp;Undef_Handler
</UL>
<BR>[Called By]<UL><LI><a href="#[1]">&gt;&gt;</a>&nbsp;&nbsp;&nbsp;Undef_Handler
</UL>
<BR>[Address Reference Count : 1]<UL><LI> sam7.o(RESET)
</UL>
<P><STRONG><a name="[2]"></a>SWI_Handler</STRONG> (ARM, 4 bytes, Stack size unknown bytes, sam7.o(RESET))
<BR><BR>[Calls]<UL><LI><a href="#[2]">&gt;&gt;</a>&nbsp;&nbsp;&nbsp;SWI_Handler
</UL>
<BR>[Called By]<UL><LI><a href="#[2]">&gt;&gt;</a>&nbsp;&nbsp;&nbsp;SWI_Handler
</UL>
<BR>[Address Reference Count : 1]<UL><LI> sam7.o(RESET)
</UL>
<P><STRONG><a name="[3]"></a>PAbt_Handler</STRONG> (ARM, 4 bytes, Stack size unknown bytes, sam7.o(RESET))
<BR><BR>[Calls]<UL><LI><a href="#[3]">&gt;&gt;</a>&nbsp;&nbsp;&nbsp;PAbt_Handler
</UL>
<BR>[Called By]<UL><LI><a href="#[3]">&gt;&gt;</a>&nbsp;&nbsp;&nbsp;PAbt_Handler
</UL>
<BR>[Address Reference Count : 1]<UL><LI> sam7.o(RESET)
</UL>
<P><STRONG><a name="[4]"></a>DAbt_Handler</STRONG> (ARM, 4 bytes, Stack size unknown bytes, sam7.o(RESET))
<BR><BR>[Calls]<UL><LI><a href="#[4]">&gt;&gt;</a>&nbsp;&nbsp;&nbsp;DAbt_Handler
</UL>
<BR>[Called By]<UL><LI><a href="#[4]">&gt;&gt;</a>&nbsp;&nbsp;&nbsp;DAbt_Handler
</UL>
<BR>[Address Reference Count : 1]<UL><LI> sam7.o(RESET)
</UL>
<P><STRONG><a name="[5]"></a>IRQ_Handler</STRONG> (ARM, 4 bytes, Stack size unknown bytes, sam7.o(RESET))
<BR><BR>[Calls]<UL><LI><a href="#[5]">&gt;&gt;</a>&nbsp;&nbsp;&nbsp;IRQ_Handler
</UL>
<BR>[Called By]<UL><LI><a href="#[5]">&gt;&gt;</a>&nbsp;&nbsp;&nbsp;IRQ_Handler
</UL>
<BR>[Address Reference Count : 1]<UL><LI> sam7.o(RESET)
</UL>
<P><STRONG><a name="[6]"></a>FIQ_Handler</STRONG> (ARM, 4 bytes, Stack size unknown bytes, sam7.o(RESET))
<BR><BR>[Calls]<UL><LI><a href="#[6]">&gt;&gt;</a>&nbsp;&nbsp;&nbsp;FIQ_Handler
</UL>
<BR>[Called By]<UL><LI><a href="#[6]">&gt;&gt;</a>&nbsp;&nbsp;&nbsp;FIQ_Handler
</UL>
<BR>[Address Reference Count : 1]<UL><LI> sam7.o(RESET)
</UL>
<P><STRONG><a name="[1c]"></a>_printf_core</STRONG> (Thumb, 340 bytes, Stack size 88 bytes, printf1.o(i._printf_core), UNUSED)
<BR><BR>[Calls]<UL><LI><a href="#[1d]">&gt;&gt;</a>&nbsp;&nbsp;&nbsp;__ARM_common_call_via_r2
<LI><a href="#[e]">&gt;&gt;</a>&nbsp;&nbsp;&nbsp;__aeabi_uidivmod
</UL>
<BR>[Called By]<UL><LI><a href="#[1b]">&gt;&gt;</a>&nbsp;&nbsp;&nbsp;__0printf$1
</UL>
<P>
<H3>
Undefined Global Symbols
</H3><HR></body></html>
