<html>
<body>
<pre>
<h1>µVision Build Log</h1>
<h2>Project:</h2>
P:\rgbycbcr\Blinky\Blinky.uvproj
Project File Date:  01/10/2016

<h2>Output:</h2>
Build target 'SAM7SE Flash - SAMICE'
compiling Blinky.c...
linking...
Program Size: Code=2052 RO-data=32 RW-data=32 ZI-data=25160  
".\Flash\Blinky.axf" - 0 Error(s), 0 Warning(s).
Load "P:\\rgbycbcr\\Blinky\\Flash\\Blinky.axf" 
Programming Done.
Verify OK.
);
Blinky.c(63): error:  #20: identifier "buf" is undefined
                printf("%c", buf[y]);
Blinky.c: 0 warnings, 3 errors
".\Flash\Blinky.axf" - 3 Error(s), 0 Warning(s).
Target not created
" - 2 Error(s), 0 Warning(s).
Target not created
nough information to list the image map.
Finished: 2 information, 0 warning and 2 error messages.
".\Flash\Blinky.axf" - 2 Error(s), 1 Warning(s).
Target not created
